BL51 BANKED LINKER/LOCATER V6.22.4.0                                                    04/09/2025  22:17:15  PAGE 1


BL51 BANKED LINKER/LOCATER V6.22.4.0, INVOKED BY:
C:\KEIL_V5\C51\BIN\BL51.EXE .\Objects\STARTUP.obj, .\Objects\LED_TEST.obj TO .\Objects\TestLCD PRINT (.\Listings\TestLCD
>> .m51) RAMSIZE (256)


MEMORY MODEL: SMALL


INPUT MODULES INCLUDED:
  .\Objects\STARTUP.obj (?C_STARTUP)
  .\Objects\LED_TEST.obj (LED_TEST)
  C:\KEIL_V5\C51\LIB\C51S.LIB (?C_INIT)
  C:\KEIL_V5\C51\LIB\C51S.LIB (?C?CLDPTR)
  C:\KEIL_V5\C51\LIB\C51S.LIB (?C?CSTPTR)
  C:\KEIL_V5\C51\LIB\C51S.LIB (?C?CSTOPTR)
  C:\KEIL_V5\C51\LIB\C51S.LIB (?C?UIDIV)


LINK MAP OF MODULE:  .\Objects\TestLCD (?C_STARTUP)


            TYPE    BASE      LENGTH    RELOCATION   SEGMENT NAME
            -----------------------------------------------------

            * * * * * * *   D A T A   M E M O R Y   * * * * * * *
            REG     0000H     0008H     ABSOLUTE     "REG BANK 0"
            DATA    0008H     000DH     UNIT         _DATA_GROUP_
            DATA    0015H     0002H     UNIT         ?DT?LED_TEST
            IDATA   0017H     0001H     UNIT         ?STACK

            * * * * * * *   C O D E   M E M O R Y   * * * * * * *
            CODE    0000H     0003H     ABSOLUTE     
                    0003H     07FDH                  *** GAP ***
            CODE    0800H     00A2H     UNIT         ?C?LIB_CODE
            CODE    08A2H     008CH     UNIT         ?C_C51STARTUP
            CODE    092EH     0069H     UNIT         ?PR?_INT_TO_STRING?LED_TEST
            CODE    0997H     0043H     UNIT         ?PR?_LCD_SEND_DATA?LED_TEST
            CODE    09DAH     003FH     UNIT         ?PR?_LCD_SEND_CMD?LED_TEST
            CODE    0A19H     003DH     UNIT         ?PR?MAIN?LED_TEST
            CODE    0A56H     0031H     UNIT         ?PR?_DELAY_MS?LED_TEST
            CODE    0A87H     002BH     UNIT         ?PR?_I2C_WRITE?LED_TEST
            CODE    0AB2H     0028H     UNIT         ?PR?MEASURE_DISTANCE?LED_TEST
            CODE    0ADAH     0025H     UNIT         ?PR?_LCD_SEND_STR?LED_TEST
            CODE    0AFFH     0019H     UNIT         ?PR?LCD_INIT?LED_TEST
            CODE    0B18H     0012H     UNIT         ?PR?I2C_ACK?LED_TEST
            CODE    0B2AH     000DH     UNIT         ?PR?I2C_START?LED_TEST
            CODE    0B37H     000CH     UNIT         ?CO?LED_TEST
            CODE    0B43H     0009H     UNIT         ?PR?I2C_STOP?LED_TEST
            CODE    0B4CH     0008H     UNIT         ?PR?SEND_TRIGGER?LED_TEST
            CODE    0B54H     0004H     UNIT         ?C_INITSEG
            CODE    0B58H     0003H     UNIT         ?PR?_LCD_SLAVE?LED_TEST



OVERLAY MAP OF MODULE:   .\Objects\TestLCD (?C_STARTUP)


SEGMENT                                 DATA_GROUP 
BL51 BANKED LINKER/LOCATER V6.22.4.0                                                  04/09/2025  22:17:15  PAGE 2


  +--> CALLED SEGMENT                 START    LENGTH
-----------------------------------------------------
?C_C51STARTUP                         -----    -----
  +--> ?PR?MAIN?LED_TEST
  +--> ?C_INITSEG

?PR?MAIN?LED_TEST                     0008H    0008H
  +--> ?PR?_LCD_SLAVE?LED_TEST
  +--> ?PR?LCD_INIT?LED_TEST
  +--> ?PR?_LCD_SEND_CMD?LED_TEST
  +--> ?CO?LED_TEST
  +--> ?PR?_LCD_SEND_STR?LED_TEST
  +--> ?PR?MEASURE_DISTANCE?LED_TEST
  +--> ?PR?_INT_TO_STRING?LED_TEST
  +--> ?PR?_DELAY_MS?LED_TEST

?PR?LCD_INIT?LED_TEST                 -----    -----
  +--> ?PR?_LCD_SEND_CMD?LED_TEST

?PR?_LCD_SEND_CMD?LED_TEST            0010H    0002H
  +--> ?PR?I2C_ACK?LED_TEST
  +--> ?PR?_DELAY_MS?LED_TEST
  +--> ?PR?_I2C_WRITE?LED_TEST
  +--> ?PR?I2C_STOP?LED_TEST

?PR?I2C_ACK?LED_TEST                  -----    -----
  +--> ?PR?I2C_START?LED_TEST
  +--> ?PR?_I2C_WRITE?LED_TEST

?PR?_DELAY_MS?LED_TEST                -----    -----
  +--> ?PR?_I2C_WRITE?LED_TEST
  +--> ?PR?I2C_ACK?LED_TEST

?PR?_LCD_SEND_STR?LED_TEST            0010H    0003H
  +--> ?PR?_LCD_SEND_DATA?LED_TEST

?PR?_LCD_SEND_DATA?LED_TEST           0013H    0002H
  +--> ?PR?I2C_ACK?LED_TEST
  +--> ?PR?_DELAY_MS?LED_TEST
  +--> ?PR?_I2C_WRITE?LED_TEST
  +--> ?PR?I2C_STOP?LED_TEST

?PR?MEASURE_DISTANCE?LED_TEST         -----    -----
  +--> ?PR?SEND_TRIGGER?LED_TEST

?PR?SEND_TRIGGER?LED_TEST             -----    -----
  +--> ?PR?_DELAY_MS?LED_TEST

?PR?_INT_TO_STRING?LED_TEST           0010H    0005H



SYMBOL TABLE OF MODULE:  .\Objects\TestLCD (?C_STARTUP)

  VALUE           TYPE          NAME
  ----------------------------------

BL51 BANKED LINKER/LOCATER V6.22.4.0                                                  04/09/2025  22:17:15  PAGE 3


  -------         MODULE        ?C_STARTUP
  C:08A2H         SEGMENT       ?C_C51STARTUP
  I:0017H         SEGMENT       ?STACK
  C:0000H         PUBLIC        ?C_STARTUP
  D:00E0H         SYMBOL        ACC
  D:00F0H         SYMBOL        B
  D:0083H         SYMBOL        DPH
  D:0082H         SYMBOL        DPL
  N:0000H         SYMBOL        IBPSTACK
  N:0100H         SYMBOL        IBPSTACKTOP
  N:0080H         SYMBOL        IDATALEN
  C:08A5H         SYMBOL        IDATALOOP
  N:0000H         SYMBOL        PBPSTACK
  N:0100H         SYMBOL        PBPSTACKTOP
  N:0000H         SYMBOL        PDATALEN
  N:0000H         SYMBOL        PDATASTART
  N:0000H         SYMBOL        PPAGE
  N:0000H         SYMBOL        PPAGEENABLE
  D:00A0H         SYMBOL        PPAGE_SFR
  D:0081H         SYMBOL        SP
  C:08A2H         SYMBOL        STARTUP1
  N:0000H         SYMBOL        XBPSTACK
  N:0000H         SYMBOL        XBPSTACKTOP
  N:0000H         SYMBOL        XDATALEN
  N:0000H         SYMBOL        XDATASTART
  C:0000H         LINE#         126
  C:08A2H         LINE#         133
  C:08A4H         LINE#         134
  C:08A5H         LINE#         135
  C:08A6H         LINE#         136
  C:08A8H         LINE#         185
  C:08ABH         LINE#         196
  -------         ENDMOD        ?C_STARTUP

  -------         MODULE        LED_TEST
  C:0000H         SYMBOL        _ICE_DUMMY_
  D:0080H         PUBLIC        P0
  D:00B0H         PUBLIC        P3
  C:0B4CH         PUBLIC        send_trigger
  C:092EH         PUBLIC        _int_to_string
  C:0A87H         PUBLIC        _i2c_write
  C:0B2AH         PUBLIC        i2c_start
  B:00B0H.3       PUBLIC        ECHO
  C:0A19H         PUBLIC        main
  C:0AB2H         PUBLIC        measure_distance
  C:0B43H         PUBLIC        i2c_stop
  D:0015H         PUBLIC        slave_add
  C:0B20H         PUBLIC        i2c_ACK
  C:0B58H         PUBLIC        _lcd_slave
  B:00B0H.2       PUBLIC        TRIG
  C:0997H         PUBLIC        _lcd_send_data
  C:0AFFH         PUBLIC        lcd_init
  D:008CH         PUBLIC        TH0
  D:0016H         PUBLIC        slave1
  D:008AH         PUBLIC        TL0
  C:0A63H         PUBLIC        _delay_ms
  B:0088H.4       PUBLIC        TR0
BL51 BANKED LINKER/LOCATER V6.22.4.0                                                  04/09/2025  22:17:15  PAGE 4


  C:09DAH         PUBLIC        _lcd_send_cmd
  B:0080H.7       PUBLIC        SDA
  B:0080H.6       PUBLIC        SCL
  C:0ADAH         PUBLIC        _lcd_send_str
  -------         PROC          I2C_START
  C:0B2AH         LINE#         30
  C:0B2AH         LINE#         31
  C:0B2EH         LINE#         32
  C:0B32H         LINE#         33
  C:0B36H         LINE#         34
  -------         ENDPROC       I2C_START
  -------         PROC          I2C_STOP
  C:0B43H         LINE#         37
  C:0B43H         LINE#         38
  C:0B45H         LINE#         39
  C:0B47H         LINE#         40
  C:0B49H         LINE#         41
  C:0B4BH         LINE#         42
  -------         ENDPROC       I2C_STOP
  -------         PROC          _LCD_SLAVE
  D:0007H         SYMBOL        slave
  C:0B58H         LINE#         45
  C:0B58H         LINE#         46
  C:0B5AH         LINE#         47
  -------         ENDPROC       _LCD_SLAVE
  -------         PROC          L?0044
  -------         ENDPROC       L?0044
  -------         PROC          I2C_ACK
  C:0B20H         LINE#         50
  C:0B20H         LINE#         51
  C:0B22H         LINE#         52
  C:0B24H         LINE#         53
  C:0B26H         LINE#         54
  C:0B29H         LINE#         55
  -------         ENDPROC       I2C_ACK
  -------         PROC          _I2C_WRITE
  D:0005H         SYMBOL        dat
  -------         DO            
  D:0004H         SYMBOL        i
  -------         ENDDO         
  C:0A87H         LINE#         58
  C:0A89H         LINE#         60
  C:0A8BH         LINE#         61
  C:0A8DH         LINE#         62
  C:0AABH         LINE#         63
  C:0AADH         LINE#         64
  C:0AB1H         LINE#         65
  -------         ENDPROC       _I2C_WRITE
  -------         PROC          _LCD_SEND_CMD
  D:0007H         SYMBOL        cmd
  -------         DO            
  D:0010H         SYMBOL        cmd_l
  D:0011H         SYMBOL        cmd_u
  -------         ENDDO         
  C:09DAH         LINE#         68
  C:09DAH         LINE#         70
  C:09E0H         LINE#         71
BL51 BANKED LINKER/LOCATER V6.22.4.0                                                  04/09/2025  22:17:15  PAGE 5


  C:09E5H         LINE#         73
  C:09E5H         LINE#         74
  C:09E5H         LINE#         75
  C:09E8H         LINE#         76
  C:09EAH         LINE#         77
  C:09EAH         LINE#         78
  C:09EDH         LINE#         79
  C:09F5H         LINE#         80
  C:09F8H         LINE#         81
  C:09FFH         LINE#         82
  C:0A01H         LINE#         83
  C:0A01H         LINE#         84
  C:0A04H         LINE#         85
  C:0A0CH         LINE#         86
  C:0A0FH         LINE#         87
  C:0A16H         LINE#         88
  -------         ENDPROC       _LCD_SEND_CMD
  -------         PROC          _LCD_SEND_DATA
  D:0007H         SYMBOL        dataw
  -------         DO            
  D:0013H         SYMBOL        dataw_l
  D:0014H         SYMBOL        dataw_u
  -------         ENDDO         
  C:0997H         LINE#         92
  C:0997H         LINE#         94
  C:099DH         LINE#         95
  C:09A2H         LINE#         97
  C:09A2H         LINE#         98
  C:09A2H         LINE#         99
  C:09A5H         LINE#         100
  C:09A9H         LINE#         101
  C:09A9H         LINE#         102
  C:09ACH         LINE#         103
  C:09B4H         LINE#         104
  C:09B7H         LINE#         105
  C:09BEH         LINE#         106
  C:09C2H         LINE#         107
  C:09C2H         LINE#         108
  C:09C5H         LINE#         109
  C:09CDH         LINE#         110
  C:09D0H         LINE#         111
  C:09D7H         LINE#         112
  -------         ENDPROC       _LCD_SEND_DATA
  -------         PROC          _LCD_SEND_STR
  D:0010H         SYMBOL        p
  C:0ADAH         LINE#         116
  C:0AE0H         LINE#         117
  C:0AEBH         LINE#         118
  C:0AFCH         LINE#         119
  C:0AFEH         LINE#         120
  -------         ENDPROC       _LCD_SEND_STR
  C:0A58H         SYMBOL        L?0042
  C:0A5FH         SYMBOL        L?0043
  -------         PROC          L?0041
  -------         ENDPROC       L?0041
  C:0A58H         SYMBOL        L?0042
  C:0A5FH         SYMBOL        L?0043
BL51 BANKED LINKER/LOCATER V6.22.4.0                                                  04/09/2025  22:17:15  PAGE 6


  -------         PROC          _DELAY_MS
  D:0006H         SYMBOL        n
  -------         DO            
  D:0004H         SYMBOL        m
  -------         ENDDO         
  C:0A63H         LINE#         123
  C:0A63H         LINE#         125
  C:0A6CH         LINE#         126
  C:0A79H         LINE#         127
  C:0A7FH         LINE#         128
  C:0A86H         LINE#         129
  -------         ENDPROC       _DELAY_MS
  -------         PROC          LCD_INIT
  C:0AFFH         LINE#         132
  C:0AFFH         LINE#         133
  C:0B04H         LINE#         134
  C:0B09H         LINE#         135
  C:0B0EH         LINE#         136
  C:0B13H         LINE#         137
  -------         ENDPROC       LCD_INIT
  -------         PROC          SEND_TRIGGER
  C:0B4CH         LINE#         141
  C:0B4CH         LINE#         142
  C:0B4EH         LINE#         143
  C:0B51H         LINE#         144
  C:0B53H         LINE#         145
  -------         ENDPROC       SEND_TRIGGER
  -------         PROC          MEASURE_DISTANCE
  -------         DO            
  D:0006H         SYMBOL        time
  -------         ENDDO         
  C:0AB2H         LINE#         148
  C:0AB2H         LINE#         151
  C:0AB5H         LINE#         153
  C:0AB8H         LINE#         154
  C:0ABBH         LINE#         155
  C:0ABDH         LINE#         156
  C:0ABFH         LINE#         158
  C:0AC2H         LINE#         159
  C:0AC4H         LINE#         161
  C:0AD3H         LINE#         162
  -------         ENDPROC       MEASURE_DISTANCE
  -------         PROC          _INT_TO_STRING
  D:0010H         SYMBOL        num
  D:0012H         SYMBOL        str
  C:092EH         LINE#         166
  C:0938H         LINE#         167
  C:0945H         LINE#         168
  C:0966H         LINE#         169
  C:0980H         LINE#         170
  C:0988H         LINE#         171
  C:0990H         LINE#         172
  -------         ENDPROC       _INT_TO_STRING
  -------         PROC          MAIN
  -------         DO            
  D:0008H         SYMBOL        distance
  D:000AH         SYMBOL        distance_str
BL51 BANKED LINKER/LOCATER V6.22.4.0                                                  04/09/2025  22:17:15  PAGE 7


  -------         ENDDO         
  C:0A19H         LINE#         176
  C:0A19H         LINE#         180
  C:0A1EH         LINE#         181
  C:0A21H         LINE#         183
  C:0A26H         LINE#         184
  C:0A2FH         LINE#         186
  C:0A2FH         LINE#         187
  C:0A36H         LINE#         188
  C:0A3FH         LINE#         190
  C:0A44H         LINE#         191
  C:0A4DH         LINE#         193
  C:0A54H         LINE#         194
  -------         ENDPROC       MAIN
  -------         ENDMOD        LED_TEST

  -------         MODULE        ?C?CLDPTR
  C:0800H         PUBLIC        ?C?CLDPTR
  -------         ENDMOD        ?C?CLDPTR

  -------         MODULE        ?C?CSTPTR
  C:0819H         PUBLIC        ?C?CSTPTR
  -------         ENDMOD        ?C?CSTPTR

  -------         MODULE        ?C?CSTOPTR
  C:082BH         PUBLIC        ?C?CSTOPTR
  -------         ENDMOD        ?C?CSTOPTR

  -------         MODULE        ?C?UIDIV
  C:084DH         PUBLIC        ?C?UIDIV
  -------         ENDMOD        ?C?UIDIV

******************************************************************************
* RESTRICTED VERSION WITH 0800H BYTE CODE SIZE LIMIT; USED: 023BH BYTE (27%) *
******************************************************************************

Program Size: data=24.0 xdata=0 code=862
LINK/LOCATE RUN COMPLETE.  0 WARNING(S),  0 ERROR(S)
