BL51 BANKED LINKER/LOCATER V6.22.4.0                                                    03/23/2025  15:49:45  PAGE 1


BL51 BANKED LINKER/LOCATER V6.22.4.0, INVOKED BY:
C:\KEIL_V5\C51\BIN\BL51.EXE .\Objects\STARTUP.obj, .\Objects\LED_TEST.obj TO .\Objects\test PRINT (.\Listings\test.m51) 
>> RAMSIZE (256)


MEMORY MODEL: SMALL


INPUT MODULES INCLUDED:
  .\Objects\STARTUP.obj (?C_STARTUP)
  .\Objects\LED_TEST.obj (LED_TEST)
  C:\KEIL_V5\C51\LIB\C51S.LIB (?C_INIT)
  C:\KEIL_V5\C51\LIB\C51S.LIB (?C?CLDPTR)


LINK MAP OF MODULE:  .\Objects\test (?C_STARTUP)


            TYPE    BASE      LENGTH    RELOCATION   SEGMENT NAME
            -----------------------------------------------------

            * * * * * * *   D A T A   M E M O R Y   * * * * * * *
            REG     0000H     0008H     ABSOLUTE     "REG BANK 0"
            DATA    0008H     0005H     UNIT         _DATA_GROUP_
            DATA    000DH     0002H     UNIT         ?DT?LED_TEST
            IDATA   000FH     0001H     UNIT         ?STACK

            * * * * * * *   C O D E   M E M O R Y   * * * * * * *
            CODE    0000H     0003H     ABSOLUTE     
                    0003H     07FDH                  *** GAP ***
            CODE    0800H     008CH     UNIT         ?C_C51STARTUP
            CODE    088CH     0049H     UNIT         ?PR?_LCD_SEND_DATA?LED_TEST
            CODE    08D5H     0045H     UNIT         ?PR?_LCD_SEND_CMD?LED_TEST
            CODE    091AH     002BH     UNIT         ?PR?_I2C_WRITE?LED_TEST
            CODE    0945H     0028H     UNIT         ?PR?_DELAY_MS?LED_TEST
            CODE    096DH     0026H     UNIT         ?PR?MAIN?LED_TEST
            CODE    0993H     0026H     UNIT         ?CO?LED_TEST
            CODE    09B9H     0025H     UNIT         ?PR?_LCD_SEND_STR?LED_TEST
            CODE    09DEH     0019H     UNIT         ?PR?LCD_INIT?LED_TEST
            CODE    09F7H     0019H     UNIT         ?C?LIB_CODE
            CODE    0A10H     0010H     UNIT         ?PR?I2C_ACK?LED_TEST
            CODE    0A20H     000DH     UNIT         ?PR?I2C_START?LED_TEST
            CODE    0A2DH     0009H     UNIT         ?PR?I2C_STOP?LED_TEST
            CODE    0A36H     0004H     UNIT         ?C_INITSEG
            CODE    0A3AH     0003H     UNIT         ?PR?_LCD_SLAVE?LED_TEST



OVERLAY MAP OF MODULE:   .\Objects\test (?C_STARTUP)


SEGMENT                               DATA_GROUP 
  +--> CALLED SEGMENT               START    LENGTH
---------------------------------------------------
?C_C51STARTUP                       -----    -----
  +--> ?PR?MAIN?LED_TEST
  +--> ?C_INITSEG

BL51 BANKED LINKER/LOCATER V6.22.4.0                                                  03/23/2025  15:49:45  PAGE 2


?PR?MAIN?LED_TEST                   -----    -----
  +--> ?PR?_LCD_SLAVE?LED_TEST
  +--> ?PR?LCD_INIT?LED_TEST
  +--> ?PR?_LCD_SEND_CMD?LED_TEST
  +--> ?CO?LED_TEST
  +--> ?PR?_LCD_SEND_STR?LED_TEST

?PR?LCD_INIT?LED_TEST               -----    -----
  +--> ?PR?_LCD_SEND_CMD?LED_TEST

?PR?_LCD_SEND_CMD?LED_TEST          0008H    0002H
  +--> ?PR?I2C_START?LED_TEST
  +--> ?PR?_I2C_WRITE?LED_TEST
  +--> ?PR?I2C_ACK?LED_TEST
  +--> ?PR?_DELAY_MS?LED_TEST
  +--> ?PR?I2C_STOP?LED_TEST

?PR?I2C_ACK?LED_TEST                -----    -----
  +--> ?PR?_I2C_WRITE?LED_TEST

?PR?_LCD_SEND_STR?LED_TEST          0008H    0003H
  +--> ?PR?_LCD_SEND_DATA?LED_TEST

?PR?_LCD_SEND_DATA?LED_TEST         000BH    0002H
  +--> ?PR?I2C_START?LED_TEST
  +--> ?PR?_I2C_WRITE?LED_TEST
  +--> ?PR?I2C_ACK?LED_TEST
  +--> ?PR?_DELAY_MS?LED_TEST
  +--> ?PR?I2C_STOP?LED_TEST



SYMBOL TABLE OF MODULE:  .\Objects\test (?C_STARTUP)

  VALUE           TYPE          NAME
  ----------------------------------

  -------         MODULE        ?C_STARTUP
  C:0800H         SEGMENT       ?C_C51STARTUP
  I:000FH         SEGMENT       ?STACK
  C:0000H         PUBLIC        ?C_STARTUP
  D:00E0H         SYMBOL        ACC
  D:00F0H         SYMBOL        B
  D:0083H         SYMBOL        DPH
  D:0082H         SYMBOL        DPL
  N:0000H         SYMBOL        IBPSTACK
  N:0100H         SYMBOL        IBPSTACKTOP
  N:0080H         SYMBOL        IDATALEN
  C:0803H         SYMBOL        IDATALOOP
  N:0000H         SYMBOL        PBPSTACK
  N:0100H         SYMBOL        PBPSTACKTOP
  N:0000H         SYMBOL        PDATALEN
  N:0000H         SYMBOL        PDATASTART
  N:0000H         SYMBOL        PPAGE
  N:0000H         SYMBOL        PPAGEENABLE
  D:00A0H         SYMBOL        PPAGE_SFR
  D:0081H         SYMBOL        SP
BL51 BANKED LINKER/LOCATER V6.22.4.0                                                  03/23/2025  15:49:45  PAGE 3


  C:0800H         SYMBOL        STARTUP1
  N:0000H         SYMBOL        XBPSTACK
  N:0000H         SYMBOL        XBPSTACKTOP
  N:0000H         SYMBOL        XDATALEN
  N:0000H         SYMBOL        XDATASTART
  C:0000H         LINE#         126
  C:0800H         LINE#         133
  C:0802H         LINE#         134
  C:0803H         LINE#         135
  C:0804H         LINE#         136
  C:0806H         LINE#         185
  C:0809H         LINE#         196
  -------         ENDMOD        ?C_STARTUP

  -------         MODULE        LED_TEST
  C:0000H         SYMBOL        _ICE_DUMMY_
  D:0080H         PUBLIC        P0
  C:091AH         PUBLIC        _i2c_write
  C:0A20H         PUBLIC        i2c_start
  C:096DH         PUBLIC        main
  C:0A2DH         PUBLIC        i2c_stop
  D:000DH         PUBLIC        slave_add
  C:0A16H         PUBLIC        i2c_ACK
  C:0A3AH         PUBLIC        _lcd_slave
  B:0080H.7       PUBLIC        sda
  C:088CH         PUBLIC        _lcd_send_data
  B:0080H.6       PUBLIC        scl
  C:09DEH         PUBLIC        lcd_init
  D:000EH         PUBLIC        slave1
  C:0949H         PUBLIC        _delay_ms
  C:08D5H         PUBLIC        _lcd_send_cmd
  C:09B9H         PUBLIC        _lcd_send_str
  -------         PROC          I2C_START
  C:0A20H         LINE#         22
  C:0A20H         LINE#         23
  C:0A20H         LINE#         24
  C:0A24H         LINE#         25
  C:0A28H         LINE#         26
  C:0A2CH         LINE#         27
  -------         ENDPROC       I2C_START
  -------         PROC          I2C_STOP
  C:0A2DH         LINE#         29
  C:0A2DH         LINE#         30
  C:0A2DH         LINE#         31
  C:0A2FH         LINE#         32
  C:0A31H         LINE#         33
  C:0A33H         LINE#         34
  C:0A35H         LINE#         35
  -------         ENDPROC       I2C_STOP
  -------         PROC          _LCD_SLAVE
  D:0007H         SYMBOL        slave
  C:0A3AH         LINE#         37
  C:0A3AH         LINE#         38
  C:0A3AH         LINE#         39
  C:0A3CH         LINE#         40
  -------         ENDPROC       _LCD_SLAVE
  C:0A12H         SYMBOL        L?0035
BL51 BANKED LINKER/LOCATER V6.22.4.0                                                  03/23/2025  15:49:45  PAGE 4


  -------         PROC          L?0034
  -------         ENDPROC       L?0034
  C:0A12H         SYMBOL        L?0035
  -------         PROC          I2C_ACK
  C:0A16H         LINE#         42
  C:0A16H         LINE#         43
  C:0A16H         LINE#         44
  C:0A18H         LINE#         45
  C:0A1AH         LINE#         46
  C:0A1CH         LINE#         47
  C:0A1FH         LINE#         48
  -------         ENDPROC       I2C_ACK
  -------         PROC          _I2C_WRITE
  D:0005H         SYMBOL        dat
  -------         DO            
  D:0004H         SYMBOL        i
  -------         ENDDO         
  C:091AH         LINE#         50
  C:091CH         LINE#         51
  C:091CH         LINE#         53
  C:091EH         LINE#         54
  C:091EH         LINE#         55
  C:0920H         LINE#         56
  C:093EH         LINE#         57
  C:0940H         LINE#         58
  C:0944H         LINE#         59
  -------         ENDPROC       _I2C_WRITE
  -------         PROC          _LCD_SEND_CMD
  D:0007H         SYMBOL        cmd
  -------         DO            
  D:0008H         SYMBOL        cmd_l
  D:0009H         SYMBOL        cmd_u
  -------         ENDDO         
  C:08D5H         LINE#         61
  C:08D5H         LINE#         62
  C:08D5H         LINE#         64
  C:08DBH         LINE#         65
  C:08E0H         LINE#         66
  C:08E3H         LINE#         67
  C:08E8H         LINE#         68
  C:08EBH         LINE#         69
  C:08EDH         LINE#         70
  C:08F0H         LINE#         71
  C:08F3H         LINE#         72
  C:08F7H         LINE#         73
  C:08FAH         LINE#         74
  C:0901H         LINE#         75
  C:0903H         LINE#         76
  C:0906H         LINE#         77
  C:0909H         LINE#         78
  C:090DH         LINE#         79
  C:0910H         LINE#         80
  C:0917H         LINE#         81
  -------         ENDPROC       _LCD_SEND_CMD
  -------         PROC          _LCD_SEND_DATA
  D:0007H         SYMBOL        dataw
  -------         DO            
BL51 BANKED LINKER/LOCATER V6.22.4.0                                                  03/23/2025  15:49:45  PAGE 5


  D:000BH         SYMBOL        dataw_l
  D:000CH         SYMBOL        dataw_u
  -------         ENDDO         
  C:088CH         LINE#         84
  C:088CH         LINE#         85
  C:088CH         LINE#         87
  C:0892H         LINE#         88
  C:0897H         LINE#         89
  C:089AH         LINE#         90
  C:089FH         LINE#         91
  C:08A2H         LINE#         92
  C:08A6H         LINE#         93
  C:08A9H         LINE#         94
  C:08ACH         LINE#         95
  C:08B0H         LINE#         96
  C:08B3H         LINE#         97
  C:08BAH         LINE#         98
  C:08BEH         LINE#         99
  C:08C1H         LINE#         100
  C:08C4H         LINE#         101
  C:08C8H         LINE#         102
  C:08CBH         LINE#         103
  C:08D2H         LINE#         104
  -------         ENDPROC       _LCD_SEND_DATA
  -------         PROC          _LCD_SEND_STR
  D:0008H         SYMBOL        p
  C:09B9H         LINE#         107
  C:09BFH         LINE#         108
  C:09BFH         LINE#         109
  C:09CAH         LINE#         110
  C:09DDH         LINE#         111
  -------         ENDPROC       _LCD_SEND_STR
  C:0945H         SYMBOL        L?0037
  -------         PROC          L?0036
  -------         ENDPROC       L?0036
  C:0945H         SYMBOL        L?0037
  -------         PROC          _DELAY_MS
  D:0006H         SYMBOL        n
  -------         DO            
  D:0004H         SYMBOL        m
  -------         ENDDO         
  C:0949H         LINE#         114
  C:0949H         LINE#         115
  C:0949H         LINE#         117
  C:0952H         LINE#         118
  C:0952H         LINE#         119
  C:095FH         LINE#         120
  C:0960H         LINE#         121
  C:0961H         LINE#         122
  C:0962H         LINE#         123
  C:0963H         LINE#         124
  C:0964H         LINE#         125
  C:0965H         LINE#         126
  C:096CH         LINE#         127
  -------         ENDPROC       _DELAY_MS
  -------         PROC          LCD_INIT
  C:09DEH         LINE#         129
BL51 BANKED LINKER/LOCATER V6.22.4.0                                                  03/23/2025  15:49:45  PAGE 6


  C:09DEH         LINE#         130
  C:09DEH         LINE#         131
  C:09E3H         LINE#         132
  C:09E8H         LINE#         133
  C:09EDH         LINE#         134
  C:09F2H         LINE#         135
  -------         ENDPROC       LCD_INIT
  -------         PROC          MAIN
  C:096DH         LINE#         138
  C:096DH         LINE#         139
  C:096DH         LINE#         140
  C:0972H         LINE#         141
  C:0975H         LINE#         142
  C:097AH         LINE#         143
  C:0983H         LINE#         144
  C:0988H         LINE#         145
  C:0991H         LINE#         147
  -------         ENDPROC       MAIN
  -------         ENDMOD        LED_TEST

  -------         MODULE        ?C?CLDPTR
  C:09F7H         PUBLIC        ?C?CLDPTR
  -------         ENDMOD        ?C?CLDPTR

******************************************************************************
* RESTRICTED VERSION WITH 0800H BYTE CODE SIZE LIMIT; USED: 01A6H BYTE (20%) *
******************************************************************************

Program Size: data=16.0 xdata=0 code=576
LINK/LOCATE RUN COMPLETE.  0 WARNING(S),  0 ERROR(S)
