C51 COMPILER V9.60.7.0   TIMER                                                             03/06/2025 23:16:50 PAGE 1   


C51 COMPILER V9.60.7.0, COMPILATION OF MODULE TIMER
OBJECT MODULE PLACED IN .\Objects\timer.obj
COMPILER INVOKED BY: C:\Keil_v5\C51\BIN\C51.EXE timer.c OPTIMIZE(8,SPEED) BROWSE DEBUG OBJECTEXTEND PRINT(.\Listings\tim
                    -er.lst) TABS(2) OBJECT(.\Objects\timer.obj)

line level    source

   1          #include <reg51.h>
   2          
   3          void Timer0_Delay_1s();  // Function prototype for 1-second delay
   4          
   5          void main() {
   6   1          unsigned char count = 0; // Counter variable
   7   1          P1 = 0x00;  // Initialize Port 1 to 0
   8   1      
   9   1          while (1) {
  10   2              P1 = count;  // Display count on Port 1
  11   2              count++;  // Increment count
  12   2      
  13   2              if (count > 60)  // Reset after reaching 60
  14   2                  count = 0;
  15   2      
  16   2              Timer0_Delay_1s();  // 1-second delay using Timer 0
  17   2          }
  18   1      }
  19          
  20          void Timer0_Delay_1s() {
  21   1          unsigned int i;
  22   1          TMOD = 0x01;  // Timer0 Mode 1 (16-bit timer)
  23   1      
  24   1          for (i = 0; i < 60; i++) {  // 20 overflows for ~1 sec (assuming 11.0592 MHz clock)
  25   2              TH0 = 0x3C;  // Load Timer High byte (for 50ms delay)
  26   2              TL0 = 0xB0;  // Load Timer Low byte
  27   2              TR0 = 1;  // Start Timer 0
  28   2      
  29   2              while (TF0 == 0);  // Wait for Timer 0 overflow
  30   2      
  31   2              TR0 = 0;  // Stop Timer
  32   2              TF0 = 0;  // Clear overflow flag
  33   2          }
  34   1      }


MODULE INFORMATION:   STATIC OVERLAYABLE
   CODE SIZE        =     58    ----
   CONSTANT SIZE    =   ----    ----
   XDATA SIZE       =   ----    ----
   PDATA SIZE       =   ----    ----
   DATA SIZE        =   ----       1
   IDATA SIZE       =   ----    ----
   BIT SIZE         =   ----    ----
END OF MODULE INFORMATION.


C51 COMPILATION COMPLETE.  0 WARNING(S),  0 ERROR(S)
